-----BEGIN PGP SIGNED MESSAGE-----
Hash: SHA512

# $Id: level01.txt,v 1.1 2017/04/02 10:21:15 dhn Exp $

0x0) connect to the server via ssh:
       - host: io.netgarage.org
       - user:pwd: level1:level1

0x1) get some information

level1@io:/levels$ file level01 
level01: setuid ELF 32-bit LSB executable, Intel 80386, version 1 (SYSV), statically linked, not stripped
level1@io:/levels$ ./level01
Enter the 3 digit passcode to enter: 123
level1@io:/levels$

0x2) use gdb!

level1@io:/levels$ gdb -q level01
Reading symbols from level01...(no debugging symbols found)...done.
(gdb) info functions
All defined functions:

Non-debugging symbols:
0x08048080  _start
0x08048080  main
(gdb)

0x3) set breakpoint and set disassembly-flavor to intel

(gdb) b *main
Breakpoint 1 at 0x8048080
(gdb) set disassembly-flavor intel

0x4) disassemble main function

(gdb) disassemble main
Dump of assembler code for function main:
   0x08048080 <+0>:	push   0x8049128
   0x08048085 <+5>:	call   0x804810f
   0x0804808a <+10>:	call   0x804809f
   0x0804808f <+15>:	cmp    eax,0x10f
   0x08048094 <+20>:	je     0x80480dc
   0x0804809a <+26>:	call   0x8048103
End of assembler dump.
(gdb)

0x5) disassemble 'YouWin' function

(gdb) disassemble 0x80480dc
Dump of assembler code for function YouWin:
   0x080480dc:	mov    eax,0x4
   0x080480e1:	mov    ebx,0x1
   0x080480e6:	mov    ecx,0x804914d
   0x080480eb:	mov    edx,0x50
   0x080480f0:	int    0x80
   0x080480f2:	xor    eax,eax
   0x080480f4:	mov    ebx,0x804919d
   0x080480f9:	push   eax
   0x080480fa:	push   ebx
   0x080480fb:	mov    ecx,esp
   0x080480fd:	cdq    
   0x080480fe:	mov    al,0xb
   0x08048100:	int    0x80
   0x08048102:	ret    
End of assembler dump.
(gdb)

0x6) the 'YouWin' function start a '/bin/sh'

(gdb) x/s 0x804919d
0x804919d:	"/bin/sh"<error: Cannot access memory at address 0x80491a4>
(gdb)

0x7) the goal is to find the right value at 'eax'
     to jump into the 'YouWin' function and start
     the shell (/bin/sh)

40    0x0804808f <+15>:>---cmp    eax,0x10f
                            |      |    |
                            |      |    |
                         compare   |    |
                                 stdin  |
                                       0x10f

0x8) use gdb to change the presentation of '0x10f' to an integer

(gdb) p/d 0x10f
$3 = 271
(gdb)

0x9) get the flag/password!

level1@io:/levels$ ./level01
Enter the 3 digit passcode to enter: 271
Congrats you found it, now read the password for level2 from /home/level2/.pass
sh-4.3$ cat /home/level2/.pass
XNWFtWKWHhaaXoKI
sh-4.3$

0xa) flag/password for the next level

	XNWFtWKWHhaaXoKI
-----BEGIN PGP SIGNATURE-----
Version: GnuPG v1

iQIcBAEBCgAGBQJY4LSsAAoJEKjdmUcmQRI8ypUP/jpsdV1SV+8uWz7uaJ8jUge3
3oxzu6YMdeQRtj+oBpKpXcW4GYGD+hzULi8fUKvFserY4MZ7Gzfbr79ofJh/xqbh
esVIzlcppqm49gh6mqGwlhokQPt6SVCkM8HSw3HmDZHEM34CyzbIJvhhbv1cRGsk
YT4qQKk+Duo3bUDpKwnBOGtS5OX7eM4/mT1v6rB4Yuy0O/rPuiYr8GfT2m1Eu39r
7LPSPUEOosFJpfZld/uHVn2k/IVVZJy8vCC3KrH1khhaIHSoR6Z897YOJMV0e1X0
hQEyiF+LeP1Wzb+UALuS+dqH5evtZl+qvsgNQGO+DJqq/9oBezy1TK91fwYPSG8n
hQ3FhQrvfdBOdihQVuL5DOp/5K4kuU0ZXDxo5PXBpLnQ8k0JcftSNdIb712pOLaa
hVr6TuXdybNZJNBgnq8wQLpnQpR6Fk4OaqJjfMxf3BBBA42sAvLVJ9lVyskqrJjc
2TlaNVzb7W+siaxf3UvedNA+VPD9YeFycqb28k/CTdJ7PSxOgzBtrJxxJnjScpzN
4cO3JVtCktg3+Oc4HnkxByknzHweTFPGKuQYoxGoXojjwHmNKE2eu1lgOUsQLCmC
Q6GpSnKXgrWvkDUDJ9p28p+25qF2OlcTYB9aD6zxdfi3VL11Q/GsS5avdfBGe8pw
KUn6KZG5DqwmQ7XWKac8
=WDrk
-----END PGP SIGNATURE-----
